[0.018s] Invoking command in '/home/aniketh05/ros2_ws/build/my_ddrobot': /usr/bin/cmake --build /home/aniketh05/ros2_ws/build/my_ddrobot -- -j12 -l12
[0.057s] -- Found ament_cmake: 1.3.11 (/opt/ros/humble/share/ament_cmake/cmake)
[0.189s] -- Found ament_lint_auto: 0.12.12 (/opt/ros/humble/share/ament_lint_auto/cmake)
[0.228s] Error parsing '/home/aniketh05/ros2_ws/src/my_ddrobot/package.xml':
[0.274s] Traceback (most recent call last):
[0.275s]   File "/usr/lib/python3/dist-packages/catkin_pkg/package.py", line 610, in parse_package_string
[0.276s]     root = dom.parseString(data)
[0.276s]   File "/usr/lib/python3.10/xml/dom/minidom.py", line 2000, in parseString
[0.277s]     return expatbuilder.parseString(string)
[0.277s]   File "/usr/lib/python3.10/xml/dom/expatbuilder.py", line 925, in parseString
[0.278s]     return builder.parseString(string)
[0.278s]   File "/usr/lib/python3.10/xml/dom/expatbuilder.py", line 223, in parseString
[0.278s]     parser.Parse(string, True)
[0.278s] xml.parsers.expat.ExpatError: junk after document element: line 25, column 10
[0.278s] 
[0.278s] During handling of the above exception, another exception occurred:
[0.278s] 
[0.278s] Traceback (most recent call last):
[0.278s]   File "/opt/ros/humble/share/ament_cmake_core/cmake/core/package_xml_2_cmake.py", line 150, in <module>
[0.278s]     main()
[0.278s]   File "/opt/ros/humble/share/ament_cmake_core/cmake/core/package_xml_2_cmake.py", line 53, in main
[0.278s]     raise e
[0.278s]   File "/opt/ros/humble/share/ament_cmake_core/cmake/core/package_xml_2_cmake.py", line 49, in main
[0.278s]     package = parse_package_string(
[0.278s]   File "/usr/lib/python3/dist-packages/catkin_pkg/package.py", line 612, in parse_package_string
[0.279s]     raise InvalidPackage('The manifest contains invalid XML:\n%s' % ex, filename)
[0.279s] catkin_pkg.package.InvalidPackage: Error(s) in package '/home/aniketh05/ros2_ws/src/my_ddrobot/package.xml':
[0.279s] The manifest contains invalid XML:
[0.279s] junk after document element: line 25, column 10
[0.290s] [31mCMake Error at /opt/ros/humble/share/ament_cmake_core/cmake/core/ament_package_xml.cmake:95 (message):
[0.290s]   execute_process(/usr/bin/python3
[0.290s]   /opt/ros/humble/share/ament_cmake_core/cmake/core/package_xml_2_cmake.py
[0.290s]   /home/aniketh05/ros2_ws/src/my_ddrobot/package.xml
[0.290s]   /home/aniketh05/ros2_ws/build/my_ddrobot/ament_cmake_core/package.cmake)
[0.290s]   returned error code 1
[0.290s] Call Stack (most recent call first):
[0.290s]   /opt/ros/humble/share/ament_cmake_core/cmake/core/ament_package_xml.cmake:49 (_ament_package_xml)
[0.290s]   /opt/ros/humble/share/ament_lint_auto/cmake/ament_lint_auto_find_test_dependencies.cmake:31 (ament_package_xml)
[0.290s]   CMakeLists.txt:29 (ament_lint_auto_find_test_dependencies)
[0.290s] 
[0.291s] [0m
[0.291s] -- Configuring incomplete, errors occurred!
[0.291s] See also "/home/aniketh05/ros2_ws/build/my_ddrobot/CMakeFiles/CMakeOutput.log".
[0.291s] gmake: *** [Makefile:226: cmake_check_build_system] Error 1
[0.293s] Invoked command in '/home/aniketh05/ros2_ws/build/my_ddrobot' returned '2': /usr/bin/cmake --build /home/aniketh05/ros2_ws/build/my_ddrobot -- -j12 -l12
